=== RUN   TestStalledWorkerExperiment
    stalled_worker_experiment_test.go:159: environment go=go1.26.5 os=darwin arch=arm64 logical_cpu=12 GOMAXPROCS=12 transport=loopback-TCP same-process
=== RUN   TestStalledWorkerExperiment/service_cancel
    stalled_worker_experiment_test.go:177: STALL_JSON {"case":"service_cancel","outcome":"observed_and_cleaned","trigger_ms":1116.447291,"before_send":{"started":42,"returned":41,"succeeded":41,"pending_ms":1110.181041,"pending_since_ms":6.2655,"last_return_ms":6.238458},"before_write":{"started":474,"returned":473,"succeeded":473,"pending_ms":1006.96,"pending_since_ms":109.487,"last_return_ms":109.46325},"disconnect_observation_ms":0,"active_after_disconnect":0,"worker_exited_after_disconnect":false,"handler_exited_after_disconnect":false,"fallback_cancel":false,"cancel_ms":1116.448708,"send_after":{"started":42,"returned":42,"succeeded":41,"pending_ms":0,"pending_since_ms":0,"last_return_ms":1116.641458,"error":"EOF"},"write_after":{"started":475,"returned":475,"succeeded":474,"pending_ms":0,"pending_since_ms":0,"last_return_ms":1120.792458,"error":"failed to write msg: use of closed network connection"},"worker_exit_ms":1116.880875,"handler_exit_ms":1126.723791,"worker_chunks":5,"worker_bytes":16000,"client_close_code":1001,"final_active":0,"final_open_connections":0}
=== RUN   TestStalledWorkerExperiment/client_disconnect
    stalled_worker_experiment_test.go:177: STALL_JSON {"case":"client_disconnect","outcome":"observed_and_cleaned","trigger_ms":1012.460209,"before_send":{"started":53,"returned":52,"succeeded":52,"pending_ms":1009.786166,"pending_since_ms":2.672959,"last_return_ms":2.667209},"before_write":{"started":444,"returned":443,"succeeded":443,"pending_ms":1007.956917,"pending_since_ms":4.503042,"last_return_ms":4.502334},"disconnect_observation_ms":2001.102583,"send_after_disconnect":{"started":53,"returned":52,"succeeded":52,"pending_ms":3011.148541,"pending_since_ms":2.672959,"last_return_ms":2.667209},"active_after_disconnect":1,"worker_exited_after_disconnect":false,"handler_exited_after_disconnect":false,"fallback_cancel":true,"cancel_ms":3013.827167,"send_after":{"started":53,"returned":53,"succeeded":52,"pending_ms":0,"pending_since_ms":0,"last_return_ms":3013.973792,"error":"EOF"},"write_after":{"started":444,"returned":444,"succeeded":443,"pending_ms":0,"pending_since_ms":0,"last_return_ms":1012.651542,"error":"failed to write msg: failed to write frame: use of closed network connection"},"worker_exit_ms":3014.421709,"handler_exit_ms":3020.990417,"worker_chunks":5,"worker_bytes":16000,"client_close_code":-1,"final_active":0,"final_open_connections":0}
--- PASS: TestStalledWorkerExperiment (4.15s)
    --- PASS: TestStalledWorkerExperiment/service_cancel (1.13s)
    --- PASS: TestStalledWorkerExperiment/client_disconnect (3.02s)
=== RUN   TestStalledWorkerExperiment
    stalled_worker_experiment_test.go:159: environment go=go1.26.5 os=darwin arch=arm64 logical_cpu=12 GOMAXPROCS=12 transport=loopback-TCP same-process
=== RUN   TestStalledWorkerExperiment/service_cancel
    stalled_worker_experiment_test.go:177: STALL_JSON {"case":"service_cancel","outcome":"observed_and_cleaned","trigger_ms":1013.284958,"before_send":{"started":42,"returned":41,"succeeded":41,"pending_ms":1009.844208,"pending_since_ms":3.439458,"last_return_ms":3.426583},"before_write":{"started":254,"returned":253,"succeeded":253,"pending_ms":1008.148542,"pending_since_ms":5.136041,"last_return_ms":5.128666},"disconnect_observation_ms":0,"active_after_disconnect":0,"worker_exited_after_disconnect":false,"handler_exited_after_disconnect":false,"fallback_cancel":false,"cancel_ms":1013.286541,"send_after":{"started":42,"returned":42,"succeeded":41,"pending_ms":0,"pending_since_ms":0,"last_return_ms":1013.388166,"error":"EOF"},"write_after":{"started":256,"returned":256,"succeeded":255,"pending_ms":0,"pending_since_ms":0,"last_return_ms":1014.606708,"error":"failed to write msg: use of closed network connection"},"worker_exit_ms":1013.86475,"handler_exit_ms":1017.692708,"worker_chunks":5,"worker_bytes":16000,"client_close_code":1001,"final_active":0,"final_open_connections":0}
=== RUN   TestStalledWorkerExperiment/client_disconnect
    stalled_worker_experiment_test.go:177: STALL_JSON {"case":"client_disconnect","outcome":"observed_and_cleaned","trigger_ms":1013.065916,"before_send":{"started":42,"returned":41,"succeeded":41,"pending_ms":1009.499041,"pending_since_ms":3.5655,"last_return_ms":3.555083},"before_write":{"started":254,"returned":253,"succeeded":253,"pending_ms":1007.361666,"pending_since_ms":5.704,"last_return_ms":5.703083},"disconnect_observation_ms":2001.106917,"send_after_disconnect":{"started":42,"returned":41,"succeeded":41,"pending_ms":3010.859208,"pending_since_ms":3.5655,"last_return_ms":3.555083},"active_after_disconnect":1,"worker_exited_after_disconnect":false,"handler_exited_after_disconnect":false,"fallback_cancel":true,"cancel_ms":3014.431333,"send_after":{"started":42,"returned":42,"succeeded":41,"pending_ms":0,"pending_since_ms":0,"last_return_ms":3014.656791,"error":"EOF"},"write_after":{"started":254,"returned":254,"succeeded":253,"pending_ms":0,"pending_since_ms":0,"last_return_ms":1013.268833,"error":"failed to write msg: failed to write frame: use of closed network connection"},"worker_exit_ms":3014.903625,"handler_exit_ms":3018.038625,"worker_chunks":5,"worker_bytes":16000,"client_close_code":-1,"final_active":0,"final_open_connections":0}
--- PASS: TestStalledWorkerExperiment (4.04s)
    --- PASS: TestStalledWorkerExperiment/service_cancel (1.02s)
    --- PASS: TestStalledWorkerExperiment/client_disconnect (3.02s)
=== RUN   TestStalledWorkerExperiment
    stalled_worker_experiment_test.go:159: environment go=go1.26.5 os=darwin arch=arm64 logical_cpu=12 GOMAXPROCS=12 transport=loopback-TCP same-process
=== RUN   TestStalledWorkerExperiment/service_cancel
    stalled_worker_experiment_test.go:177: STALL_JSON {"case":"service_cancel","outcome":"observed_and_cleaned","trigger_ms":1014.403416,"before_send":{"started":53,"returned":52,"succeeded":52,"pending_ms":1009.729875,"pending_since_ms":4.6725,"last_return_ms":4.661666},"before_write":{"started":263,"returned":262,"succeeded":262,"pending_ms":1007.802291,"pending_since_ms":6.600875,"last_return_ms":6.600583},"disconnect_observation_ms":0,"active_after_disconnect":0,"worker_exited_after_disconnect":false,"handler_exited_after_disconnect":false,"fallback_cancel":false,"cancel_ms":1014.405333,"send_after":{"started":53,"returned":53,"succeeded":52,"pending_ms":0,"pending_since_ms":0,"last_return_ms":1014.589541,"error":"EOF"},"write_after":{"started":265,"returned":265,"succeeded":264,"pending_ms":0,"pending_since_ms":0,"last_return_ms":1017.64925,"error":"failed to write msg: use of closed network connection"},"worker_exit_ms":1015.005666,"handler_exit_ms":1021.423208,"worker_chunks":5,"worker_bytes":16000,"client_close_code":1001,"final_active":0,"final_open_connections":0}
=== RUN   TestStalledWorkerExperiment/client_disconnect
    stalled_worker_experiment_test.go:177: STALL_JSON {"case":"client_disconnect","outcome":"observed_and_cleaned","trigger_ms":1012.855708,"before_send":{"started":42,"returned":41,"succeeded":41,"pending_ms":1010.07725,"pending_since_ms":2.777,"last_return_ms":2.76825},"before_write":{"started":255,"returned":254,"succeeded":254,"pending_ms":1008.232458,"pending_since_ms":4.622792,"last_return_ms":4.622458},"disconnect_observation_ms":2000.518,"send_after_disconnect":{"started":42,"returned":41,"succeeded":41,"pending_ms":3010.969833,"pending_since_ms":2.777,"last_return_ms":2.76825},"active_after_disconnect":1,"worker_exited_after_disconnect":false,"handler_exited_after_disconnect":false,"fallback_cancel":true,"cancel_ms":3013.753167,"send_after":{"started":42,"returned":42,"succeeded":41,"pending_ms":0,"pending_since_ms":0,"last_return_ms":3013.929542,"error":"EOF"},"write_after":{"started":255,"returned":255,"succeeded":254,"pending_ms":0,"pending_since_ms":0,"last_return_ms":1013.0715,"error":"failed to write msg: failed to write frame: use of closed network connection"},"worker_exit_ms":3016.076542,"handler_exit_ms":3022.117833,"worker_chunks":5,"worker_bytes":16000,"client_close_code":-1,"final_active":0,"final_open_connections":0}
--- PASS: TestStalledWorkerExperiment (4.05s)
    --- PASS: TestStalledWorkerExperiment/service_cancel (1.02s)
    --- PASS: TestStalledWorkerExperiment/client_disconnect (3.02s)
PASS
ok  	github.com/secacy/tide-artisan/internal/gateway	12.599s
